// Jest Snapshot v1, https://goo.gl/fbAQLP

exports[`<Header /> renders correctly 1`] = `
<nav
  className="Header"
>
  <h1>
    <a
      href="/"
      onClick={[Function]}
    >
      <img
        alt="computerlogo"
        className="computerlogo"
        src="/assets/computerlogo.png"
      />
    </a>
  </h1>
  <div
    className="hamburgermenu"
  >
    <button
      onClick={[Function]}
    >
      â˜°
    </button>
  </div>
</nav>
`;
