// Jest Snapshot v1, https://goo.gl/fbAQLP

exports[`<App /> renders correctly 1`] = `
<div
  className="App"
>
  <header
    className="App__header"
  >
    <nav
      className="Header"
    >
      <h1>
        <a
          href="/"
          onClick={[Function]}
        >
          <img
            alt="computerlogo"
            className="computerlogo"
            src="/assets/computerlogo.png"
          />
        </a>
      </h1>
      <div
        className="Header__not-logged-in"
      >
        <a
          href="/register"
          onClick={[Function]}
        >
          Register
        </a>
           
        <a
          href="/login"
          onClick={[Function]}
        >
          Login
        </a>
      </div>
    </nav>
  </header>
  <main
    className="App__main"
  >
    <section
      className="Section LandingPage"
    >
      <main
        role="main"
      >
        <header
          role="banner"
        >
          <a
            href="/"
            onClick={[Function]}
          >
            <img
              alt="heroimage"
              className="heroimage"
              src="/assets/heroimagepic.jpg"
            />
          </a>
        </header>
        <h1
          className="dots"
        >
          ........................................................................................
        </h1>
        <section>
          <header>
            <h2>
              Experience My Marvelous Memoir using these login credientials
            </h2>
            <h1>
              <p>
                Username: Demouser
              </p>
              <p>
                Password: Demo1234!
              </p>
            </h1>
          </header>
        </section>
        <h1
          className="dots"
        >
          ........................................................................................
        </h1>
        <section
          className="personalpage"
        >
          <header>
            <h3>
              Your personal diary
            </h3>
          </header>
          <p>
            <img
              alt="screenshotpost"
              className="screenshotpost"
              src="/assets/screenshotpost.PNG"
            />
          </p>
        </section>
      </main>
    </section>
  </main>
</div>
`;
