// Jest Snapshot v1, https://goo.gl/fbAQLP

exports[`<App /> renders correctly 1`] = `
<form
  className="RegistrationForm"
  onSubmit={[Function]}
>
  <div
    role="alert"
  />
  <div
    className="full_name"
  >
    <label
      htmlFor="RegistrationForm__full_name"
    >
      Full name 
      <span
        className="Required "
      >
        *
      </span>
    </label>
    <input
      className="Input "
      id="RegistrationForm__full_name"
      name="full_name"
      required={true}
      type="text"
    />
  </div>
  <div
    className="username"
  >
    <label
      htmlFor="RegistrationForm__username"
    >
      Username 
      <span
        className="Required "
      >
        *
      </span>
    </label>
    <input
      className="Input "
      id="RegistrationForm__username"
      name="username"
      required={true}
      type="text"
    />
  </div>
  <div
    className="password"
  >
    <label
      htmlFor="RegistrationForm__password"
    >
      Password 
      <span
        className="Required "
      >
        *
      </span>
    </label>
    <input
      className="Input "
      id="RegistrationForm__password"
      name="password"
      required={true}
      type="password"
    />
  </div>
  <div
    className="email"
  >
    <label
      htmlFor="RegistrationForm__email"
    >
      Email 
      <span
        className="Required "
      >
        *
      </span>
    </label>
    <input
      className="Input "
      id="RegistrationForm__email"
      name="email"
      required={true}
      type="text"
    />
  </div>
  <button
    className="Button "
    type="submit"
  >
    Register
  </button>
</form>
`;
